// Jest Snapshot v1, https://goo.gl/fbAQLP

exports[`Github should render correctly 1`] = `
<div
  className="github"
>
  <img
    alt="GitHub Stats"
    className="stats"
    src="https://github-readme-stats.vercel.app/api?username=awibox&show_icons=true&hide_title=true&icon_color=fea621&title_color=fea621&hide_border=true&include_all_commits=true&count_private=true&hide_rank=false"
  />
  <img
    className="languages"
    src="https://github-readme-stats.vercel.app/api/top-langs/?username=awibox&layout=compact&langs_count=8&hide_border=true&hide_title=true"
  />
</div>
`;
