// Jest Snapshot v1, https://goo.gl/fbAQLP

exports[`Card should render correctly 1`] = `
<ul
  className="skills"
>
  <li
    className="skillItem"
    key="react"
  >
    react
  </li>
  <li
    className="skillItem"
    key="js"
  >
    js
  </li>
  <li
    className="skillItem"
    key="css"
  >
    css
  </li>
</ul>
`;
