// Jest Snapshot v1, https://goo.gl/fbAQLP

exports[`Home should render corectly 1`] = `
<Connect(HomeContainer)
  getHomeAction={[Function]}
>
  <div>
    <div
      className="alert"
    >
      Fake error
    </div>
    <div
      className="title"
    >
      Work experience
    </div>
    <div
      className="workPart"
    >
      <div
        className="workPartItem"
      >
        <div
          className="timeline"
        >
          <div>
            WORK HISTORY
          </div>
          <div
            className="event"
            key="2018"
          >
            <div
              className="year"
            >
              2018
            </div>
            <div
              className="content"
            >
              <div>
                <div>
                  Senior Software Engineer
                </div>
                <div>
                  Tutu.ru
                </div>
                <div
                  className="description"
                >
                  <div>
                    <div>
                      Worked on high-load (with more than 6 millions users per month) travel site system.
                    </div>
                    <div>
                      I developed bus selling section (single page application with React)
                    </div>
                    <ul>
                      <li>
                        Optimized page loading speed on high-load pages
                      </li>
                      <li>
                        Refactoring the search form (an important part of the product) due to a large number of inherited and global logical errors
                      </li>
                      <li>
                        Increased javascript unit tests coverage up to 60 per cent (karma, chai, enzyme, sinon)
                      </li>
                      <li>
                        Developed new pages for product
                      </li>
                      <li>
                        Performed Сode Reviews
                      </li>
                      <li>
                        Had experience in Scrum team
                      </li>
                      <li>
                        Worked closely with UI/UX designer
                      </li>
                    </ul>
                  </div>
                </div>
              </div>
            </div>
          </div>
          <div
            className="event"
            key="2016"
          >
            <div
              className="year"
            >
              2016
            </div>
            <div
              className="content"
            >
              <div>
                <div>
                  Lead Software Developer
                </div>
                <div>
                  CUSTIS
                </div>
                <div
                  className="description"
                >
                  <div>
                    <div>
                      I led a front-end development team of 10 people on the education project Modeus (Angular 5):
                    </div>
                    <ul>
                      <li>
                        Planning the work of frontend teams
                      </li>
                      <li>
                        Communicated with project manager and analysts
                      </li>
                      <li>
                        Made knowledge-sharing and documentation creation processes
                      </li>
                      <li>
                        Implemented GitLab Flow which allowed to eliminate time-consuming "git rebase"
                      </li>
                      <li>
                        Implemented ТSLint (TypeScript linter)
                      </li>
                      <li>
                        Performed Code Reviews
                      </li>
                      <li>
                        Conducted 1-on-1 meetings with developers
                      </li>
                      <li>
                        Interviewed candidates for developer position Participated in the development of a complex authentication system for Modeus
                      </li>
                    </ul>
                    <div>
                      Contributed to the development of UI Kit for the company.
                    </div>
                    <div>
                      Updated from Angular 2 to Angular 5
                    </div>
                    <div>
                      Wrote unit tests (Jasmine)
                    </div>
                  </div>
                </div>
              </div>
            </div>
          </div>
          <div
            className="event"
            key="2013"
          >
            <div
              className="year"
            >
              2013
            </div>
            <div
              className="content"
            >
              <div>
                <div>
                  Software Engineer
                </div>
                <div>
                  Rutube
                </div>
                <div
                  className="description"
                >
                  <div>
                    <div>
                      Participated in the development of projects:
                    </div>
                    <ul>
                      <li>
                        Video hosting Rutube (Backbone)
                      </li>
                      <li>
                        Development site and secure online voting system for the TEFI award
                      </li>
                      <li>
                        Broadcasts service NTV Plus (Backbone)
                      </li>
                    </ul>
                    <div>
                      Developed the interface part of the online video editor for NTV Plus which makes it possible to cut highlights from the live broadcast (Angular 2, D3.js).
                    </div>
                    <div>
                      Made content management system for NTV Plus (single-page application using Angular 2).
                    </div>
                  </div>
                </div>
              </div>
            </div>
          </div>
        </div>
      </div>
    </div>
    <div
      className="homeInfo"
    >
      <div
        className="card"
      >
        <div
          className="homeLogo"
        >
          <div
            className="image"
          >
            <i
              className="fa fa-gears"
            />
          </div>
          <h1
            className="name"
          >
            Finder
          </h1>
          <div
            className="text"
          >
            Search engine
          </div>
          <div
            className="button"
          >
            <div
              className="btn btnIcon"
              onClick={[Function]}
            >
              <span
                className="icon"
              >
                <i
                  className="fa fa-github"
                />
              </span>
              Download with Github
            </div>
          </div>
        </div>
      </div>
    </div>
    <div
      className="loader"
    >
      <div
        className="spinnerBorder"
      />
    </div>
  </div>
</Connect(HomeContainer)>
`;
