// Jest Snapshot v1, https://goo.gl/fbAQLP

exports[`Card should render correctly 1`] = `
<div
  className="card test-class blue"
>
  <div
    className="title"
  >
    <i
      className="fa fa-fa fa-home"
    />
    Title
  </div>
  <div
    className="content"
  >
    <div>
      <div>
        Test Card
      </div>
    </div>
  </div>
</div>
`;
