// Jest Snapshot v1, https://goo.gl/fbAQLP

exports[`Alert should render correctly 1`] = `
<div
  className="profile"
>
  <div
    className="avatar"
    style={
      Object {
        "backgroundImage": "url(https://avatars1.githubusercontent.com/u/1931010?s=460&v=4)",
      }
    }
  />
  <div
    className="profileItems"
  >
    <div
      className="profileItem"
    >
      <div
        className="icon"
      >
        <i
          className="fa fa-user"
        />
      </div>
      <div>
        Test position
      </div>
    </div>
    <div
      className="profileItem"
    >
      <div
        className="icon"
      >
        <i
          className="fa fa-location-arrow"
        />
      </div>
      <div>
        Palo Alto
      </div>
    </div>
    <div
      className="profileItem"
    >
      <div
        className="icon"
      >
        <i
          className="fa fa-envelope-open-o"
        />
      </div>
      <div>
        <a
          href="mailto:test@test.com"
          rel="noopener noreferrer"
          target="_blank"
        >
          test@test.com
        </a>
      </div>
    </div>
    <div
      className="profileServices"
    >
      <div
        className="icon"
        key="github"
      >
        <a
          href="https://github.com/"
          rel="noopener noreferrer"
          target="_blank"
        >
          <i
            className="fa fa-github"
            style={
              Object {
                "color": "#24292e",
              }
            }
          />
        </a>
      </div>
      <div
        className="icon"
        key="linkedin"
      >
        <a
          href="https://linkedin.com/"
          rel="noopener noreferrer"
          target="_blank"
        >
          <i
            className="fa fa-linkedin-square"
            style={
              Object {
                "color": "#0077B5",
              }
            }
          />
        </a>
      </div>
    </div>
  </div>
</div>
`;
