// Jest Snapshot v1, https://goo.gl/fbAQLP

exports[`Books should render correctly 1`] = `
<div>
  <div
    className="bookItem"
    key="Name"
    onClick={[Function]}
    title="Name"
  >
    <div
      className="bookName"
    >
      Name
    </div>
    <div
      className="author"
    >
      Author: 
      <b>
        Author
      </b>
    </div>
  </div>
</div>
`;
