// Jest Snapshot v1, https://goo.gl/fbAQLP

exports[`NavBar should render correctly 1`] = `
<div
  className="nav"
>
  <div
    className="navDesktopMenu"
  >
    <div
      className="navMenu"
    >
      <NavLink
        activeClassName="navMenuItemActive"
        className="navMenuItem"
        exact={true}
        onClick={[Function]}
        to="/"
      >
        <i
          className="fa fa-id-card"
        />
        <span
          className="navMenuItemText"
        >
          Profile
        </span>
      </NavLink>
      <a
        className="navMenuItem"
        href="https://medium.com/awb-pw"
        onClick={[Function]}
        rel="noopener noreferrer"
        target="_blank"
      >
        <i
          className="fa fa-medium"
        />
        <span
          className="navMenuItemText"
        >
          Blog
        </span>
      </a>
    </div>
  </div>
  <div
    className="navMobile"
    onClick={[Function]}
  >
    <i
      className="fa fa-list"
    />
  </div>
  <div
    className="navMobileMenu"
  >
    <div
      className="navMenu"
    >
      <NavLink
        activeClassName="navMenuItemActive"
        className="navMenuItem"
        exact={true}
        onClick={[Function]}
        to="/"
      >
        <i
          className="fa fa-id-card"
        />
        <span
          className="navMenuItemText"
        >
          Profile
        </span>
      </NavLink>
      <a
        className="navMenuItem"
        href="https://medium.com/awb-pw"
        onClick={[Function]}
        rel="noopener noreferrer"
        target="_blank"
      >
        <i
          className="fa fa-medium"
        />
        <span
          className="navMenuItemText"
        >
          Blog
        </span>
      </a>
    </div>
  </div>
</div>
`;
