// Jest Snapshot v1, https://goo.gl/fbAQLP

exports[`Timeline should render correctly 1`] = `
<div
  className="timeline"
>
  <div
    className="title"
  >
    <span>
      Test timeline
    </span>
  </div>
  <div
    className="event"
    key="2018"
  >
    <div
      className="year"
    >
      2018
    </div>
    <div
      className="content"
    >
      <WorkItem
        data={
          Object {
            "company": "Company",
            "description": "Description",
            "location": "Moscow",
            "position": "Engineer",
          }
        }
      />
    </div>
  </div>
</div>
`;
