// Jest Snapshot v1, https://goo.gl/fbAQLP

exports[`WorkItem should render correctly 1`] = `
<div>
  <div
    className="position"
  >
    Engineer
  </div>
  <div
    className="company"
  >
    Company
  </div>
  <div
    className="location"
  >
    Moscow
  </div>
  <div
    className="description"
  >
    Description
  </div>
</div>
`;
